[bathprorefinishing.com/about-bathpro-kitchen-and-bathroom-resurfacers-florida/index.html]
[bathprorefinishing.com/why-refinish-or-resurface-bathtubs-apopka-florida/index.html]
[bathprorefinishing.com/choosing-a-refinisher-for-bathroom-and-kitchen-refinishing-projects/index.html]
[bathprorefinishing.com/index.html]
[bathprorefinishing.com/refinishing-process-orlando-florida/index.html]
[bathprorefinishing.com/frequently-asked-questions-for-kitchen-and-bathtub-resurfacing/index.html]
[bathprorefinishing.com/job-photos-bathtub-resurfacing-apopka-florida/index.html]
[bathprorefinishing.com/contact-bathtub-resurfacing-company-tampa-florida/index.html]
[backblue.gif]
[fade.gif]
[index.html]
[bathprorefinishing.com/bathtub-resurfacing-current-specials-florida/index.html]
[bathprorefinishing.com/files/includes/wp-includes-js-comment-reply.min.js-ver-3.5.1.js]
[bathprorefinishing.com/files/includes/wp-includes-js-jquery-jquery.js-ver-1.8.3.js]
[bathprorefinishing.com/files/includes/validate.min.js]
[bathprorefinishing.com/files/includes/jquery.validationEngine-en.js]
[bathprorefinishing.com/files/includes/jquery.validationEngine.js]
[bathprorefinishing.com/files/includes/images/wp-content-themes-bathtub_resurfacing-images-logo.png]
[www.google-analytics.com/analytics.js]
[bathprorefinishing.com/wp-content/uploads/2015/01/before-after.png]
[ajax.googleapis.com/ajax/libs/jqueryui/1.7.1/jquery-ui.min.js]
[bathprorefinishing.com/privacy-policy/index.html]
[bathprorefinishing.com/files/includes/wp-content-themes-bathtub_resurfacing-js-jquery.cycle.all.min.js]
[bathprorefinishing.com/blog/index.html]
[bathprorefinishing.com/files/includes/wp-content-themes-bathtub_resurfacing-js-jquery.easing.1.3.js]
[bathprorefinishing.com/files/includes/wp-content-themes-bathtub_resurfacing-js-superfish.js]
[bathprorefinishing.com/files/includes/wp-content-themes-bathtub_resurfacing-js-colaborate_thin.js]
[bathprorefinishing.com/files/includes/wp-content-themes-bathtub_resurfacing-js-scrollto.js]
[bathprorefinishing.com/files/includes/wp-content-themes-bathtub_resurfacing-js-serialscroll.js]
[bathprorefinishing.com/files/includes/wp-content-themes-bathtub_resurfacing-js-jquery.fancybox-1.2.6.pack.js]
[bathprorefinishing.com/files/includes/wp-content-themes-bathtub_resurfacing-js-jcycle.js]
[bathprorefinishing.com/files/includes/wp-content-themes-bathtub_resurfacing-js-site.js]
[bathprorefinishing.com/files/includes/wp-content-plugins-contact-form-7-includes-js-jquery.form.min.js-ver-3.32.0-2013.04.03.js]
[bathprorefinishing.com/files/includes/wp-content-plugins-contact-form-7-includes-js-scripts.js-ver-3.4.js]
[bathprorefinishing.com/files/includes/wp-content-themes-bathtub_resurfacing-epanel-page_templates-js-fancybox-jquery.fancybox-1.2.6.pack.js-ver-1.3.2.js]
[bathprorefinishing.com/files/includes/wp-content-themes-bathtub_resurfacing-epanel-page_templates-js-et-ptemplates-frontend.js-ver-1.1.js]
[bathprorefinishing.com/index.html]
[bathprorefinishing.com/about-bathpro-kitchen-and-bathroom-resurfacers-florida/index.html]
[bathprorefinishing.com/about-bathpro-kitchen-and-bathroom-resurfacers-florida/privacy-policy/index.html]
[bathprorefinishing.com/why-refinish-or-resurface-bathtubs-apopka-florida/index.html]
[bathprorefinishing.com/why-refinish-or-resurface-bathtubs-apopka-florida/privacy-policy/index.html]
[bathprorefinishing.com/choosing-a-refinisher-for-bathroom-and-kitchen-refinishing-projects/index.html]
[bathprorefinishing.com/choosing-a-refinisher-for-bathroom-and-kitchen-refinishing-projects/privacy-policy/index.html]
[bathprorefinishing.com/files/includes/images/wp-content-uploads-2011-07-1.png]
[bathprorefinishing.com/files/includes/images/wp-content-uploads-2011-07-2.png]
[bathprorefinishing.com/files/includes/images/wp-content-uploads-2011-07-3.png]
[bathprorefinishing.com/files/includes/images/wp-content-uploads-2011-07-4.png]
[bathprorefinishing.com/files/includes/images/wp-content-uploads-2011-07-5.png]
[bathprorefinishing.com/refinishing-process-orlando-florida/index.html]
[bathprorefinishing.com/refinishing-process-orlando-florida/privacy-policy/index.html]
[bathprorefinishing.com/frequently-asked-questions-for-kitchen-and-bathtub-resurfacing/index.html]
[bathprorefinishing.com/files/includes/images/wp-content-uploads-2011-02-bathroom_tile_refinishing_and_tile_florida11.jpg]
[bathprorefinishing.com/files/includes/images/wp-content-uploads-2011-02-bathroom_tile_refinishing_and_tile_florida11-300x225.jpg]
[bathprorefinishing.com/files/includes/images/wp-content-uploads-2011-02-bathroom_tile_refinishing_and_tile_florida21.jpg]
[bathprorefinishing.com/files/includes/images/wp-content-uploads-2011-02-bathroom_tile_refinishing_and_tile_florida21-300x225.jpg]
[bathprorefinishing.com/files/includes/images/wp-content-uploads-2011-02-bathroom_tile_refinishing_and_tub_resurfacing_florida1.jpg]
[bathprorefinishing.com/files/includes/images/wp-content-uploads-2011-02-bathroom_tile_refinishing_and_tub_resurfacing_florida1-300x225.jpg]
[bathprorefinishing.com/files/includes/images/wp-content-uploads-2011-02-bathroom_tile_refinishing_and_tub_resurfacing_florida2-2.jpg]
[bathprorefinishing.com/files/includes/images/wp-content-uploads-2011-02-bathroom_tile_refinishing_and_tub_resurfacing_florida2-2-300x225.jpg]
[bathprorefinishing.com/files/includes/images/wp-content-uploads-2011-02-bathroom_tile_refinishing_and_tub_resurfacing_florida2.jpg]
[bathprorefinishing.com/files/includes/images/wp-content-uploads-2011-02-bathroom_tile_refinishing_and_tub_resurfacing_florida2-300x225.jpg]
[bathprorefinishing.com/files/includes/images/wp-content-uploads-2011-02-bathroom_tile_refinishing_and_tub_resurfacing_florida2-1.jpg]
[bathprorefinishing.com/files/includes/images/wp-content-uploads-2011-02-bathroom_tile_refinishing_and_tub_resurfacing_florida2-1-300x225.jpg]
[bathprorefinishing.com/files/includes/images/wp-content-uploads-2011-02-shower_tile_refinishing_and_tub_resurfacing_florida1.jpg]
[bathprorefinishing.com/files/includes/images/wp-content-uploads-2011-02-shower_tile_refinishing_and_tub_resurfacing_florida1-224x300.jpg]
[bathprorefinishing.com/files/includes/images/wp-content-uploads-2011-02-bathroom_tile_refinishing_and_tub_resurfacing_florida3.jpg]
[bathprorefinishing.com/files/includes/images/wp-content-uploads-2011-02-bathroom_tile_refinishing_and_tub_resurfacing_florida3-224x300.jpg]
[bathprorefinishing.com/files/includes/images/wp-content-uploads-2011-02-bathroom_tile_refinishing_and_tub_resurfacing_florida2-4.jpg]
[bathprorefinishing.com/files/includes/images/wp-content-uploads-2011-02-bathroom_tile_refinishing_and_tub_resurfacing_florida2-4-224x300.jpg]
[bathprorefinishing.com/files/includes/images/wp-content-uploads-2011-02-bathroom_tile_refinishing_and_tub_resurfacing_florida2-3.jpg]
[bathprorefinishing.com/files/includes/images/wp-content-uploads-2011-02-bathroom_tile_refinishing_and_tub_resurfacing_florida2-3-224x300.jpg]
[bathprorefinishing.com/job-photos-bathtub-resurfacing-apopka-florida/index.html]
[bathprorefinishing.com/job-photos-bathtub-resurfacing-apopka-florida/privacy-policy/index.html]
[bathprorefinishing.com/bathtub-resurfacing-current-specials-florida/index.html]
[bathprorefinishing.com/bathtub-resurfacing-current-specials-florida/privacy-policy/index.html]
[bathprorefinishing.com/contact-bathtub-resurfacing-company-tampa-florida/index.html]
[bathprorefinishing.com/contact-bathtub-resurfacing-company-tampa-florida/privacy-policy/index.html]
[bathprorefinishing.com/files/includes/images/wp-content-themes-bathtub_resurfacing-images-top-bg.png]
[bathprorefinishing.com/files/includes/images/wp-content-themes-bathtub_resurfacing-images-search-bg.png]
[bathprorefinishing.com/files/includes/images/wp-content-themes-bathtub_resurfacing-images-intro-bg.png]
[bathprorefinishing.com/files/includes/images/wp-content-themes-bathtub_resurfacing-images-shadow-bar-bg.png]
[bathprorefinishing.com/files/includes/images/wp-content-themes-bathtub_resurfacing-images-shadow-bar-centerbg.png]
[bathprorefinishing.com/files/includes/images/wp-content-themes-bathtub_resurfacing-images-item-bottom-shadow.png]
[bathprorefinishing.com/files/includes/images/wp-content-themes-bathtub_resurfacing-images-item-overlay.png]
[bathprorefinishing.com/files/includes/images/wp-content-themes-bathtub_resurfacing-images-zoom-icon.png]
[bathprorefinishing.com/files/includes/images/wp-content-themes-bathtub_resurfacing-images-readmore-icon.png]
[bathprorefinishing.com/files/includes/images/wp-content-themes-bathtub_resurfacing-images-quote-left.png]
[bathprorefinishing.com/files/includes/images/wp-content-themes-bathtub_resurfacing-images-quote-right.png]
[bathprorefinishing.com/files/includes/images/wp-content-themes-bathtub_resurfacing-images-fromblog-bottom.png]
[bathprorefinishing.com/files/includes/images/wp-content-themes-bathtub_resurfacing-images-readmore.png]
[bathprorefinishing.com/files/includes/images/wp-content-themes-bathtub_resurfacing-images-fromblog-top.png]
[bathprorefinishing.com/files/includes/images/wp-content-themes-bathtub_resurfacing-images-fromblog-mainbg.png]
[bathprorefinishing.com/files/includes/images/wp-content-themes-bathtub_resurfacing-images-fromblog-top-gradient.png]
[bathprorefinishing.com/files/includes/images/wp-content-themes-bathtub_resurfacing-images-fromblog-bullet.png]
[bathprorefinishing.com/files/includes/images/wp-content-themes-bathtub_resurfacing-images-fromblog-controllers-bg.png]
[bathprorefinishing.com/files/includes/images/wp-content-themes-bathtub_resurfacing-images-fromblog-controllers-down.png]
[bathprorefinishing.com/files/includes/images/wp-content-themes-bathtub_resurfacing-images-fromblog-controllers-top.png]
[bathprorefinishing.com/files/includes/images/wp-content-themes-bathtub_resurfacing-images-blog-overlay.png]
[bathprorefinishing.com/files/includes/images/wp-content-themes-bathtub_resurfacing-images-gallery-overlay.png]
[bathprorefinishing.com/files/includes/images/wp-content-themes-bathtub_resurfacing-images-gallery-thumb-bottombg.png]
[bathprorefinishing.com/files/includes/images/wp-content-themes-bathtub_resurfacing-images-gallery-bottom-leftshadow.png]
[bathprorefinishing.com/files/includes/images/wp-content-themes-bathtub_resurfacing-images-gallery-bottom-rightshadow.png]
[bathprorefinishing.com/files/includes/images/wp-content-themes-bathtub_resurfacing-images-specials_corner_1.png]
[bathprorefinishing.com/files/includes/images/wp-content-themes-bathtub_resurfacing-images-special_corner_2.png]
[bathprorefinishing.com/files/includes/images/wp-content-themes-bathtub_resurfacing-images-border.png]
[bathprorefinishing.com/files/includes/images/wp-content-themes-bathtub_resurfacing-images-dropdown-bottom.png]
[bathprorefinishing.com/files/includes/images/wp-content-themes-bathtub_resurfacing-images-dropdown-bullet.png]
[bathprorefinishing.com/files/includes/images/wp-content-themes-bathtub_resurfacing-images-featured-bottom-shadow.png]
[bathprorefinishing.com/files/includes/images/wp-content-themes-bathtub_resurfacing-images-featured-leftshadow.png]
[bathprorefinishing.com/files/includes/images/wp-content-themes-bathtub_resurfacing-images-featured-rightshadow.png]
[bathprorefinishing.com/files/includes/images/wp-content-themes-bathtub_resurfacing-images-slide-top-shadow.png]
[bathprorefinishing.com/files/includes/images/wp-content-themes-bathtub_resurfacing-images-slide-bottom-shadow.png]
[bathprorefinishing.com/files/includes/images/wp-content-themes-bathtub_resurfacing-images-description-top.png]
[bathprorefinishing.com/files/includes/images/wp-content-themes-bathtub_resurfacing-images-description-center-outer.png]
[bathprorefinishing.com/files/includes/images/wp-content-themes-bathtub_resurfacing-images-description-center-inner.png]
[bathprorefinishing.com/files/includes/images/wp-content-themes-bathtub_resurfacing-images-description-bottom.png]
[bathprorefinishing.com/files/includes/images/wp-content-themes-bathtub_resurfacing-images-featured-readmore.png]
[bathprorefinishing.com/files/includes/images/wp-content-themes-bathtub_resurfacing-images-featured-controllers-left.png]
[bathprorefinishing.com/files/includes/images/wp-content-themes-bathtub_resurfacing-images-featured-controllers-bg.png]
[bathprorefinishing.com/files/includes/images/wp-content-themes-bathtub_resurfacing-images-featured-controllers-right.png]
[bathprorefinishing.com/files/includes/images/wp-content-themes-bathtub_resurfacing-images-featured-controller.png]
[bathprorefinishing.com/files/includes/images/wp-content-themes-bathtub_resurfacing-images-featured-controller-active.png]
[bathprorefinishing.com/files/includes/images/wp-content-themes-bathtub_resurfacing-images-featured-controllers-leftarrow.png]
[bathprorefinishing.com/files/includes/images/wp-content-themes-bathtub_resurfacing-images-featured-controllers-rightarrow.png]
[bathprorefinishing.com/files/includes/images/wp-content-themes-bathtub_resurfacing-images-comment-bottom-bg.png]
[bathprorefinishing.com/files/includes/images/wp-content-themes-bathtub_resurfacing-images-avatar-overlay.png]
[bathprorefinishing.com/files/includes/images/wp-content-themes-bathtub_resurfacing-images-pagenavi-bg.png]
[bathprorefinishing.com/files/includes/images/wp-content-themes-bathtub_resurfacing-images-bathtub_refinishing_and_refinishing_services_florida_tubimg.png]
[bathprorefinishing.com/files/includes/images/wp-content-themes-bathtub_resurfacing-images-bathtub_refinishing_and_refinishing_services_florida_callop.png]
[bathprorefinishing.com/files/includes/images/wp-content-themes-bathtub_resurfacing-images-body-bg.png]
[bathprorefinishing.com/files/includes/images/wp-content-themes-bathtub_resurfacing-images-girl-bath_03.png]
[bathprorefinishing.com/files/includes/images/wp-content-themes-bathtub_resurfacing-images-phone-number.png]
[bathprorefinishing.com/files/includes/images/wp-content-themes-bathtub_resurfacing-images-footer-bg.png]
[bathprorefinishing.com/files/includes/images/wp-content-themes-bathtub_resurfacing-images-square-bullet.png]
[bathprorefinishing.com/files/includes/images/wp-content-themes-bathtub_resurfacing-images-slider-bg.png]
[bathprorefinishing.com/files/includes/images/wp-content-themes-bathtub_resurfacing-images-slice_03.png]
[bathprorefinishing.com/files/includes/images/wp-content-themes-bathtub_resurfacing-images-slice_10.png]
[bathprorefinishing.com/files/includes/images/wp-content-themes-bathtub_resurfacing-images-slice_07.png]
[bathprorefinishing.com/files/includes/images/wp-content-themes-bathtub_resurfacing-images-slider-buttons.png]
[bathprorefinishing.com/files/includes/wp-content-themes-bathtub_resurfacing-style.css]
[bathprorefinishing.com/files/includes/images/wp-content-themes-bathtub_resurfacing-images-fancybox-fancy_progress.png]
[bathprorefinishing.com/files/includes/images/wp-content-themes-bathtub_resurfacing-images-fancybox-fancy_closebox.png]
[bathprorefinishing.com/files/includes/images/wp-content-themes-bathtub_resurfacing-images-fancybox-fancy_left.png]
[bathprorefinishing.com/files/includes/images/wp-content-themes-bathtub_resurfacing-images-fancybox-fancy_right.png]
[bathprorefinishing.com/files/includes/images/wp-content-themes-bathtub_resurfacing-images-fancybox-fancy_shadow_n.png]
[bathprorefinishing.com/files/includes/images/wp-content-themes-bathtub_resurfacing-images-fancybox-fancy_shadow_ne.png]
[bathprorefinishing.com/files/includes/images/wp-content-themes-bathtub_resurfacing-images-fancybox-fancy_shadow_e.png]
[bathprorefinishing.com/files/includes/images/wp-content-themes-bathtub_resurfacing-images-fancybox-fancy_shadow_se.png]
[bathprorefinishing.com/files/includes/images/wp-content-themes-bathtub_resurfacing-images-fancybox-fancy_shadow_s.png]
[bathprorefinishing.com/files/includes/images/wp-content-themes-bathtub_resurfacing-images-fancybox-fancy_shadow_sw.png]
[bathprorefinishing.com/files/includes/images/wp-content-themes-bathtub_resurfacing-images-fancybox-fancy_shadow_w.png]
[bathprorefinishing.com/files/includes/images/wp-content-themes-bathtub_resurfacing-images-fancybox-fancy_shadow_nw.png]
[bathprorefinishing.com/files/includes/images/wp-content-themes-bathtub_resurfacing-images-fancybox-fancy_title_left.png]
[bathprorefinishing.com/files/includes/images/wp-content-themes-bathtub_resurfacing-images-fancybox-fancy_title_main.png]
[bathprorefinishing.com/files/includes/images/wp-content-themes-bathtub_resurfacing-images-fancybox-fancy_title_right.png]
[bathprorefinishing.com/files/includes/wp-content-themes-bathtub_resurfacing-css-jquery.fancybox-1.2.6.css]
[bathprorefinishing.com/files/includes/validationEngine.jquery7f2f.css]
[bathprorefinishing.com/files/includes/images/wp-content-themes-bathtub_resurfacing-epanel-page_templates-js-fancybox-images-fancy_progress.png]
[bathprorefinishing.com/files/includes/images/wp-content-themes-bathtub_resurfacing-epanel-page_templates-js-fancybox-images-fancy_closebox.png]
[bathprorefinishing.com/files/includes/images/wp-content-themes-bathtub_resurfacing-epanel-page_templates-js-fancybox-images-fancy_left.png]
[bathprorefinishing.com/files/includes/images/wp-content-themes-bathtub_resurfacing-epanel-page_templates-js-fancybox-images-fancy_right.png]
[bathprorefinishing.com/files/includes/images/wp-content-themes-bathtub_resurfacing-epanel-page_templates-js-fancybox-images-fancy_shadow_n.png]
[bathprorefinishing.com/files/includes/images/wp-content-themes-bathtub_resurfacing-epanel-page_templates-js-fancybox-images-fancy_shadow_ne.png]
[bathprorefinishing.com/files/includes/images/wp-content-themes-bathtub_resurfacing-epanel-page_templates-js-fancybox-images-fancy_shadow_e.png]
[bathprorefinishing.com/files/includes/images/wp-content-themes-bathtub_resurfacing-epanel-page_templates-js-fancybox-images-fancy_shadow_se.png]
[bathprorefinishing.com/files/includes/images/wp-content-themes-bathtub_resurfacing-epanel-page_templates-js-fancybox-images-fancy_shadow_s.png]
[bathprorefinishing.com/files/includes/images/wp-content-themes-bathtub_resurfacing-epanel-page_templates-js-fancybox-images-fancy_shadow_sw.png]
[bathprorefinishing.com/files/includes/images/wp-content-themes-bathtub_resurfacing-epanel-page_templates-js-fancybox-images-fancy_shadow_w.png]
[bathprorefinishing.com/files/includes/images/wp-content-themes-bathtub_resurfacing-epanel-page_templates-js-fancybox-images-fancy_shadow_nw.png]
[bathprorefinishing.com/files/includes/images/wp-content-themes-bathtub_resurfacing-epanel-page_templates-js-fancybox-images-fancy_title_left.png]
[bathprorefinishing.com/files/includes/images/wp-content-themes-bathtub_resurfacing-epanel-page_templates-js-fancybox-images-fancy_title_main.png]
[bathprorefinishing.com/files/includes/images/wp-content-themes-bathtub_resurfacing-epanel-page_templates-js-fancybox-images-fancy_title_right.png]
[bathprorefinishing.com/files/includes/wp-content-themes-bathtub_resurfacing-epanel-page_templates-js-fancybox-jquery.fancybox-1.2.6.css]
[bathprorefinishing.com/files/includes/images/wp-content-themes-bathtub_resurfacing-epanel-page_templates-images-sitemap-page.png]
[bathprorefinishing.com/files/includes/images/wp-content-themes-bathtub_resurfacing-epanel-page_templates-images-sitemap-category.png]
[bathprorefinishing.com/files/includes/images/wp-content-themes-bathtub_resurfacing-epanel-page_templates-images-sitemap-tag.png]
[bathprorefinishing.com/files/includes/images/wp-content-themes-bathtub_resurfacing-epanel-page_templates-images-sitemap-author.png]
[bathprorefinishing.com/files/includes/images/wp-content-themes-bathtub_resurfacing-epanel-page_templates-images-blog-image-overlay.png]
[bathprorefinishing.com/files/includes/images/wp-content-themes-bathtub_resurfacing-epanel-page_templates-images-blog-readmore.png]
[bathprorefinishing.com/files/includes/images/wp-content-themes-bathtub_resurfacing-epanel-page_templates-images-item-bottom-shadow.png]
[bathprorefinishing.com/files/includes/images/wp-content-themes-bathtub_resurfacing-epanel-page_templates-images-item-overlay.png]
[bathprorefinishing.com/files/includes/images/wp-content-themes-bathtub_resurfacing-epanel-page_templates-images-zoom-icon.png]
[bathprorefinishing.com/files/includes/images/wp-content-themes-bathtub_resurfacing-epanel-page_templates-images-readmore-icon.png]
[bathprorefinishing.com/files/includes/images/wp-content-themes-bathtub_resurfacing-epanel-page_templates-images-contact_input.png]
[bathprorefinishing.com/files/includes/images/wp-content-themes-bathtub_resurfacing-epanel-page_templates-images-contact_submit.png]
[bathprorefinishing.com/files/includes/images/wp-content-themes-bathtub_resurfacing-epanel-page_templates-images-contact_reset.png]
[bathprorefinishing.com/files/includes/images/wp-content-themes-bathtub_resurfacing-epanel-page_templates-images-et_search_bg.png]
[bathprorefinishing.com/files/includes/images/wp-content-themes-bathtub_resurfacing-epanel-page_templates-images-et_search_bottom.png]
[bathprorefinishing.com/files/includes/images/wp-content-themes-bathtub_resurfacing-epanel-page_templates-images-et_search_icon.png]
[bathprorefinishing.com/files/includes/images/wp-content-themes-bathtub_resurfacing-epanel-page_templates-images-et-searchinput.png]
[bathprorefinishing.com/files/includes/images/wp-content-themes-bathtub_resurfacing-epanel-page_templates-images-et_search_submit.png]
[bathprorefinishing.com/files/includes/wp-content-themes-bathtub_resurfacing-epanel-page_templates-page_templates.css]
[bathprorefinishing.com/files/includes/wp-content-plugins-contact-form-7-includes-css-styles.css-ver-3.4.css]
[bathprorefinishing.com/files/includes/wp-content-plugins-tw-pagination-tw-pagination.css-ver-1.0.css]
[bathprorefinishing.com/files/includes/images/wp-content-themes-bathtub_resurfacing-epanel-shortcodes-images-et-info.png]
[bathprorefinishing.com/files/includes/images/wp-content-themes-bathtub_resurfacing-epanel-shortcodes-images-et-warning.png]
[bathprorefinishing.com/files/includes/images/wp-content-themes-bathtub_resurfacing-epanel-shortcodes-images-et-download.png]
[bathprorefinishing.com/files/includes/images/wp-content-themes-bathtub_resurfacing-epanel-shortcodes-images-et-bio.png]
[bathprorefinishing.com/files/includes/images/wp-content-themes-bathtub_resurfacing-epanel-shortcodes-images-et-tooltip-arrow.png]
[bathprorefinishing.com/files/includes/images/wp-content-themes-bathtub_resurfacing-epanel-shortcodes-images-et-learn-more-bg.png]
[bathprorefinishing.com/files/includes/images/wp-content-themes-bathtub_resurfacing-epanel-shortcodes-images-et-learn-more-closed.png]
[bathprorefinishing.com/files/includes/images/wp-content-themes-bathtub_resurfacing-epanel-shortcodes-images-et-learn-more-opened.png]
[bathprorefinishing.com/files/includes/images/wp-content-themes-bathtub_resurfacing-epanel-shortcodes-images-et-slider-left.png]
[bathprorefinishing.com/files/includes/images/wp-content-themes-bathtub_resurfacing-epanel-shortcodes-images-et-slider-right.png]
[bathprorefinishing.com/files/includes/images/wp-content-themes-bathtub_resurfacing-epanel-shortcodes-images-small-button-blue.png]
[bathprorefinishing.com/files/includes/images/wp-content-themes-bathtub_resurfacing-epanel-shortcodes-images-small-button-lightblue.png]
[bathprorefinishing.com/files/includes/images/wp-content-themes-bathtub_resurfacing-epanel-shortcodes-images-small-button-teal.png]
[bathprorefinishing.com/files/includes/images/wp-content-themes-bathtub_resurfacing-epanel-shortcodes-images-small-button-green.png]
[bathprorefinishing.com/files/includes/images/wp-content-themes-bathtub_resurfacing-epanel-shortcodes-images-small-button-orange.png]
[bathprorefinishing.com/files/includes/images/wp-content-themes-bathtub_resurfacing-epanel-shortcodes-images-small-button-silver.png]
[bathprorefinishing.com/files/includes/images/wp-content-themes-bathtub_resurfacing-epanel-shortcodes-images-small-button-black.png]
[bathprorefinishing.com/files/includes/images/wp-content-themes-bathtub_resurfacing-epanel-shortcodes-images-small-button-red.png]
[bathprorefinishing.com/files/includes/images/wp-content-themes-bathtub_resurfacing-epanel-shortcodes-images-small-button-purple.png]
[bathprorefinishing.com/files/includes/images/wp-content-themes-bathtub_resurfacing-epanel-shortcodes-images-small-button-pink.png]
[bathprorefinishing.com/files/includes/images/wp-content-themes-bathtub_resurfacing-epanel-shortcodes-images-big-button-blue.png]
[bathprorefinishing.com/files/includes/images/wp-content-themes-bathtub_resurfacing-epanel-shortcodes-images-big-button-purple.png]
[bathprorefinishing.com/files/includes/images/wp-content-themes-bathtub_resurfacing-epanel-shortcodes-images-big-button-red.png]
[bathprorefinishing.com/files/includes/images/wp-content-themes-bathtub_resurfacing-epanel-shortcodes-images-big-button-orange.png]
[bathprorefinishing.com/files/includes/images/wp-content-themes-bathtub_resurfacing-epanel-shortcodes-images-big-button-green.png]
[bathprorefinishing.com/files/includes/images/wp-content-themes-bathtub_resurfacing-epanel-shortcodes-images-big-button-turquoise.png]
[bathprorefinishing.com/files/includes/images/wp-content-themes-bathtub_resurfacing-epanel-shortcodes-images-icon-button-bg-sprite.png]
[bathprorefinishing.com/files/includes/images/wp-content-themes-bathtub_resurfacing-epanel-shortcodes-images-download-icon.png]
[bathprorefinishing.com/files/includes/images/wp-content-themes-bathtub_resurfacing-epanel-shortcodes-images-search-icon.png]
[bathprorefinishing.com/files/includes/images/wp-content-themes-bathtub_resurfacing-epanel-shortcodes-images-refresh-icon.png]
[bathprorefinishing.com/files/includes/images/wp-content-themes-bathtub_resurfacing-epanel-shortcodes-images-question-icon.png]
[bathprorefinishing.com/files/includes/images/wp-content-themes-bathtub_resurfacing-epanel-shortcodes-images-people-icon.png]
[bathprorefinishing.com/files/includes/images/wp-content-themes-bathtub_resurfacing-epanel-shortcodes-images-warning-icon.png]
[bathprorefinishing.com/files/includes/images/wp-content-themes-bathtub_resurfacing-epanel-shortcodes-images-mail-icon.png]
[bathprorefinishing.com/files/includes/images/wp-content-themes-bathtub_resurfacing-epanel-shortcodes-images-heart-icon.png]
[bathprorefinishing.com/files/includes/images/wp-content-themes-bathtub_resurfacing-epanel-shortcodes-images-paper-icon.png]
[bathprorefinishing.com/files/includes/images/wp-content-themes-bathtub_resurfacing-epanel-shortcodes-images-notice-icon.png]
[bathprorefinishing.com/files/includes/images/wp-content-themes-bathtub_resurfacing-epanel-shortcodes-images-stats-icon.png]
[bathprorefinishing.com/files/includes/images/wp-content-themes-bathtub_resurfacing-epanel-shortcodes-images-rss-icon.png]
[bathprorefinishing.com/files/includes/images/wp-content-themes-bathtub_resurfacing-epanel-shortcodes-images-tabs-container-bg.png]
[bathprorefinishing.com/files/includes/images/wp-content-themes-bathtub_resurfacing-epanel-shortcodes-images-et-tabs-control.png]
[bathprorefinishing.com/files/includes/images/wp-content-themes-bathtub_resurfacing-epanel-shortcodes-images-et-tabs-control-active.png]
[bathprorefinishing.com/files/includes/images/wp-content-themes-bathtub_resurfacing-epanel-shortcodes-images-left-links-bg.png]
[bathprorefinishing.com/files/includes/images/wp-content-themes-bathtub_resurfacing-epanel-shortcodes-images-tabs-left-link-active.png]
[bathprorefinishing.com/files/includes/images/wp-content-themes-bathtub_resurfacing-epanel-shortcodes-images-tabs-left-link-bottombg.png]
[bathprorefinishing.com/files/includes/images/wp-content-themes-bathtub_resurfacing-epanel-shortcodes-images-author-shortcodes-topbg.png]
[bathprorefinishing.com/files/includes/images/wp-content-themes-bathtub_resurfacing-epanel-shortcodes-images-author-bg.png]
[bathprorefinishing.com/files/includes/images/wp-content-themes-bathtub_resurfacing-epanel-shortcodes-images-author-overlay-bg.png]
[bathprorefinishing.com/files/includes/images/wp-content-themes-bathtub_resurfacing-epanel-shortcodes-images-password-protected-bg.png]
[bathprorefinishing.com/files/includes/images/wp-content-themes-bathtub_resurfacing-epanel-shortcodes-images-protected-input-bg.png]
[bathprorefinishing.com/files/includes/images/wp-content-themes-bathtub_resurfacing-epanel-shortcodes-images-protected-login-bg.png]
[bathprorefinishing.com/files/includes/images/wp-content-themes-bathtub_resurfacing-epanel-shortcodes-images-et-image-slider-bottom.png]
[bathprorefinishing.com/files/includes/images/wp-content-themes-bathtub_resurfacing-epanel-shortcodes-images-et-image-sliderleft-shadow.png]
[bathprorefinishing.com/files/includes/images/wp-content-themes-bathtub_resurfacing-epanel-shortcodes-images-et-image-sliderright-shadow.png]
[bathprorefinishing.com/files/includes/images/wp-content-themes-bathtub_resurfacing-epanel-shortcodes-images-et-image-overlay.png]
[bathprorefinishing.com/files/includes/images/wp-content-themes-bathtub_resurfacing-epanel-shortcodes-images-featured-controllers-left.png]
[bathprorefinishing.com/files/includes/images/wp-content-themes-bathtub_resurfacing-epanel-shortcodes-images-featured-controllers-bg.png]
[bathprorefinishing.com/files/includes/images/wp-content-themes-bathtub_resurfacing-epanel-shortcodes-images-featured-controllers-right.png]
[bathprorefinishing.com/files/includes/images/wp-content-themes-bathtub_resurfacing-epanel-shortcodes-images-featured-controller.png]
[bathprorefinishing.com/files/includes/images/wp-content-themes-bathtub_resurfacing-epanel-shortcodes-images-featured-controller-active.png]
[bathprorefinishing.com/files/includes/images/wp-content-themes-bathtub_resurfacing-epanel-shortcodes-images-featured-controllers-leftarrow.png]
[bathprorefinishing.com/files/includes/images/wp-content-themes-bathtub_resurfacing-epanel-shortcodes-images-featured-controllers-rightarrow.png]
[bathprorefinishing.com/files/includes/wp-content-themes-bathtub_resurfacing-epanel-shortcodes-shortcodes.css-ver-3.5.1.css]
[bathprorefinishing.com/wp-content/themes/bathprorefinishingcom-bathtub-resurfacing-current-specials-florida/style.css]
[bathprorefinishing.com/privacy-policy/index.html]
[bathprorefinishing.com/author/admin/index.html]
[bathprorefinishing.com/Should-you-refinish-or-replace-your-old-Tub.html]
[bathprorefinishing.com/blog/index.html]
[bathprorefinishing.com/can-easily-replace-bathtub-faucet/index.html]
[bathprorefinishing.com/can-quickly-easily-approach-process-replacing-bathtub/index.html]
[bathprorefinishing.com/consider-bathtub-refinishing-total-replacement/index.html]
[bathprorefinishing.com/steps-follow-removing-bathtub-bathroom/index.html]
[bathprorefinishing.com/approach-process-reglazing-bathtub/index.html]
[bathprorefinishing.com/about-bathpro-kitchen-and-bathroom-resurfacers-florida/privacy-policy/index.html]
[bathprorefinishing.com/5-insanely-easy-steps-remove-fiberglass-bathtub-start-finish/index.html]
[bathprorefinishing.com/what-are-the-10-best-ways-to-make-a-bathroom-look-new-again/index.html]
[bathprorefinishing.com/how-can-you-prevent-damage-to-your-newly-refinished-tub/index.html]
[bathprorefinishing.com/thinking-about-replacing-your-tub-consider-bathtub-refinishing-instead/index.html]
[bathprorefinishing.com/how-do-i-find-the-right-bathtub-refinisher-for-my-home/index.html]
[bathprorefinishing.com/how-can-grout-and-caulking-improve-a-bathrooms-look/index.html]
[bathprorefinishing.com/can-bathtub-refinishing-breathe-new-life-into-your-bathroom-for-spring/index.html]
[bathprorefinishing.com/what-is-the-best-way-to-handle-tile-and-grout-cleaning/index.html]
[bathprorefinishing.com/is-tub-refinishing-the-best-choice-to-save-money/index.html]
[bathprorefinishing.com/bathtub-refinishing-basics-how-do-i-get-my-grout-white-again/index.html]
[bathprorefinishing.com/can-bathtub-refinishing-give-bathroom-new-lease-life/index.html]
[bathprorefinishing.com/does-bathtub-refinishing-provide-a-quality-lasting-surface/index.html]
[bathprorefinishing.com/know-bathtub-refinishing-right-choice-needs/index.html]
[bathprorefinishing.com/re-decorating-bathroom-can-easy-job/index.html]
[bathprorefinishing.com/3-advantages-to-reglazing-your-bathtub/index.html]
[bathprorefinishing.com/how-to-achieve-boho-chic-perfection-in-your-bathroom/index.html]
[bathprorefinishing.com/why-refinish-or-resurface-bathtubs-apopka-florida/privacy-policy/index.html]
[bathprorefinishing.com/rub-a-dub-dub-the-backyard-has-a-tub/index.html]
[bathprorefinishing.com/a-dos-and-dont-guide-for-your-bathroom-or-kitchen-remodel/index.html]
[bathprorefinishing.com/decorating-your-bathroom-or-kitchen-in-a-rental-home/index.html]
[bathprorefinishing.com/4-brilliantly-bold-bathroom-tile-patterns/index.html]
[bathprorefinishing.com/four-ways-to-go-green-in-your-kitchen/index.html]
[bathprorefinishing.com/how-to-know-you-are-hiring-a-reputable-refinishing-company/index.html]
[bathprorefinishing.com/creative-diy-seating-and-storage-for-the-kitchen/index.html]
[bathprorefinishing.com/bathtub-tile-refinishing-is-an-affordable-solution-for-property-owners/index.html]
[bathprorefinishing.com/blog/page/2/index.html]
[bathprorefinishing.com/choosing-a-refinisher-for-bathroom-and-kitchen-refinishing-projects/privacy-policy/index.html]
[bathprorefinishing.com/files/includes/images/wp-content-uploads-2011-07-2.png]
[bathprorefinishing.com/refinishing-process-orlando-florida/privacy-policy/index.html]
[bathprorefinishing.com/frequently-asked-questions-for-kitchen-and-bathtub-resurfacing/privacy-policy/index.html]
[bathprorefinishing.com/files/includes/images/wp-content-uploads-2011-07-5.png]
[bathprorefinishing.com/files/includes/images/wp-content-uploads-2011-02-bathroom_tile_refinishing_and_tile_florida11.jpg]
[bathprorefinishing.com/files/includes/images/wp-content-uploads-2011-02-bathroom_tile_refinishing_and_tile_florida21.jpg]
[bathprorefinishing.com/files/includes/images/wp-content-uploads-2011-02-bathroom_tile_refinishing_and_tub_resurfacing_florida1.jpg]
[bathprorefinishing.com/files/includes/images/wp-content-uploads-2011-02-bathroom_tile_refinishing_and_tub_resurfacing_florida2.jpg]
[bathprorefinishing.com/files/includes/images/wp-content-uploads-2011-02-shower_tile_refinishing_and_tub_resurfacing_florida1.jpg]
[bathprorefinishing.com/files/includes/images/wp-content-uploads-2011-02-bathroom_tile_refinishing_and_tub_resurfacing_florida3.jpg]
[bathprorefinishing.com/files/includes/images/wp-content-uploads-2011-02-bathroom_tile_refinishing_and_tub_resurfacing_florida2-4.jpg]
[bathprorefinishing.com/files/includes/images/wp-content-uploads-2011-02-bathroom_tile_refinishing_and_tub_resurfacing_florida2-3.jpg]
[bathprorefinishing.com/job-photos-bathtub-resurfacing-apopka-florida/privacy-policy/index.html]
[bathprorefinishing.com/bathtub-resurfacing-current-specials-florida/privacy-policy/index.html]
[bathprorefinishing.com/contact-bathtub-resurfacing-company-tampa-florida/privacy-policy/index.html]
[bathprorefinishing.com/privacy-policy/privacy-policy/index.html]
[bathprorefinishing.com/feed/index.html]
[bathprorefinishing.com/comments/feed/index.html]
[bathprorefinishing.com/wp-includes/js/jquery/jqueryb8ff.js]
[bathprorefinishing.com/wp-includes/js/jquery/jquery-migrate.min330a.js]
[bathprorefinishing.com/xmlrpc0db0.php]
[bathprorefinishing.com/wp-includes/wlwmanifest.xml]
[bathprorefinishing.com/wp-json/index.html]
[bathprorefinishing.com/wp-json/oembed/1.0/embedc280.json]
[bathprorefinishing.com/wp-json/oembed/1.0/embedcfdb]
[bathprorefinishing.com/wp-content/uploads/2017/02/Bathtub-4.jpg]
[bathprorefinishing.com/wp-content/uploads/2017/02/Bathtub-4-225x300.jpg]
[bathprorefinishing.com/wp-content/plugins/contact-form-7/includes/js/jquery.form.mind03d.js]
[bathprorefinishing.com/wp-content/plugins/contact-form-7/includes/js/scripts11b8.js]
[bathprorefinishing.com/wp-includes/js/wp-embed.min04c2.js]
[bathprorefinishing.com/can-easily-replace-bathtub-faucet/index.html]
[bathprorefinishing.com/files/includes/images/wp-content-themes-bathtub_resurfacing-timthumb.php-src-amp-h-136-amp-w-207-amp-zc-1-amp-q-90.jpg]
[bathprorefinishing.com/author/admin/index.html]
[bathprorefinishing.com/what-to-do-about-your-blah-bathroom/index.html]
[bathprorefinishing.com/bathroom-update-ideas-for-low-budgets/index.html]
[bathprorefinishing.com/refinishing-is-a-sensible-and-cost-effective-choice/index.html]
[bathprorefinishing.com/why-bathtub-resurfacing-is-not-a-diy-job/index.html]
[bathprorefinishing.com/wp-json/oembed/1.0/embed26c0.json]
[bathprorefinishing.com/cabinet-refinishing-a-low-cost-solution-for-homeowners/index.html]
[bathprorefinishing.com/wp-json/oembed/1.0/embedf37a]
[bathprorefinishing.com/author/admin/privacy-policy/index.html]
[bathprorefinishing.com/wp-content/uploads/2017/01/Fiberglass.jpg]
[bathprorefinishing.com/wp-content/uploads/2017/01/Fiberglass-300x225.jpg]
[bathprorefinishing.com/can-quickly-easily-approach-process-replacing-bathtub/index.html]
[bathprorefinishing.com/wp-json/oembed/1.0/embed5756.json]
[bathprorefinishing.com/wp-json/oembed/1.0/embedd3bd]
[bathprorefinishing.com/wp-content/uploads/2017/02/Bathtub-3-1-300x200.jpg]
[bathprorefinishing.com/consider-bathtub-refinishing-total-replacement/index.html]
[bathprorefinishing.com/wp-json/oembed/1.0/embed5e4b.json]
[bathprorefinishing.com/wp-json/oembed/1.0/embed69b2]
[bathprorefinishing.com/wp-content/uploads/2017/02/Bathtub-6.jpg]
[bathprorefinishing.com/wp-content/uploads/2017/02/Bathtub-6-300x199.jpg]
[bathprorefinishing.com/approach-process-reglazing-bathtub/index.html]
[bathprorefinishing.com/wp-json/oembed/1.0/embed793f.json]
[bathprorefinishing.com/wp-json/oembed/1.0/embedc6ae]
[bathprorefinishing.com/wp-content/uploads/2017/01/bathtub-faucet.jpg]
[bathprorefinishing.com/wp-content/uploads/2017/01/bathtub-faucet-300x169.jpg]
[bathprorefinishing.com/steps-follow-removing-bathtub-bathroom/index.html]
[bathprorefinishing.com/wp-json/oembed/1.0/embed9fbe.json]
[bathprorefinishing.com/wp-json/oembed/1.0/embed3af8]
[bathprorefinishing.com/wp-content/uploads/2017/02/Bathtub-2.jpg]
[bathprorefinishing.com/wp-content/uploads/2017/02/Bathtub-2-300x225.jpg]
[bathprorefinishing.com/5-insanely-easy-steps-remove-fiberglass-bathtub-start-finish/index.html]
[bathprorefinishing.com/wp-json/oembed/1.0/embed73f9.json]
[bathprorefinishing.com/wp-json/oembed/1.0/embed410f]
[bathprorefinishing.com/thinking-about-replacing-your-tub-consider-bathtub-refinishing-instead/index.html]
[bathprorefinishing.com/wp-json/oembed/1.0/embede3aa.json]
[bathprorefinishing.com/wp-json/oembed/1.0/embedbbc3]
[pixabay.com/static/uploads/photo/2016/04/18/08/51/bathroom-1336167_960_720.12e.delayed]
[bathprorefinishing.com/what-are-the-10-best-ways-to-make-a-bathroom-look-new-again/index.html]
[bathprorefinishing.com/wp-json/oembed/1.0/embed37ae.json]
[bathprorefinishing.com/how-can-you-prevent-damage-to-your-newly-refinished-tub/feed/index.html]
[bathprorefinishing.com/wp-json/oembed/1.0/embedc905]
[bathprorefinishing.com/wp-content/uploads/2016/05/romantic-bathtub.jpg]
[bathprorefinishing.com/wp-content/uploads/2016/05/romantic-bathtub-300x216.jpg]
[bathprorefinishing.com/how-can-you-prevent-damage-to-your-newly-refinished-tub/index.html]
[bathprorefinishing.com/wp-json/oembed/1.0/embed6b9e.json]
[bathprorefinishing.com/how-do-i-find-the-right-bathtub-refinisher-for-my-home/feed/index.html]
[bathprorefinishing.com/wp-json/oembed/1.0/embed5381]
[bathprorefinishing.com/how-do-i-find-the-right-bathtub-refinisher-for-my-home/index.html]
[bathprorefinishing.com/wp-json/oembed/1.0/embed1881.json]
[bathprorefinishing.com/how-can-grout-and-caulking-improve-a-bathrooms-look/feed/index.html]
[bathprorefinishing.com/wp-json/oembed/1.0/embedc97f]
[cdn.morguefile.com/imageData/public/files/i/infinitetrix/10/l/1413769487hnet8.jpg]
[bathprorefinishing.com/how-can-grout-and-caulking-improve-a-bathrooms-look/index.html]
[bathprorefinishing.com/can-bathtub-refinishing-breathe-new-life-into-your-bathroom-for-spring/feed/index.html]
[bathprorefinishing.com/wp-json/oembed/1.0/embed000a.json]
[bathprorefinishing.com/wp-json/oembed/1.0/embed66f0]
[bathprorefinishing.com/can-bathtub-refinishing-breathe-new-life-into-your-bathroom-for-spring/index.html]
[bathprorefinishing.com/wp-json/oembed/1.0/embed9707.json]
[bathprorefinishing.com/what-is-the-best-way-to-handle-tile-and-grout-cleaning/feed/index.html]
[bathprorefinishing.com/wp-json/oembed/1.0/embed2e35]
[pixabay.com/static/uploads/photo/2014/10/16/08/41/bathroom-490781_960_720.141.delayed]
[bathprorefinishing.com/what-is-the-best-way-to-handle-tile-and-grout-cleaning/index.html]
[bathprorefinishing.com/wp-json/oembed/1.0/embedd965]
[bathprorefinishing.com/is-tub-refinishing-the-best-choice-to-save-money/feed/index.html]
[bathprorefinishing.com/wp-json/oembed/1.0/embedfab8]
[pixabay.com/static/uploads/photo/2015/03/12/14/25/shower-670254_960_720.145.delayed]
[bathprorefinishing.com/is-tub-refinishing-the-best-choice-to-save-money/index.html]
[bathprorefinishing.com/wp-json/oembed/1.0/embed0fbf.json]
[bathprorefinishing.com/bathtub-refinishing-basics-how-do-i-get-my-grout-white-again/feed/index.html]
[bathprorefinishing.com/wp-json/oembed/1.0/embed841d]
[bathprorefinishing.com/wp-content/uploads/2016/01/shutterstock_256670116.jpg]
[bathprorefinishing.com/wp-content/uploads/2016/01/shutterstock_256670116-300x200.jpg]
[bathprorefinishing.com/bathtub-refinishing-basics-how-do-i-get-my-grout-white-again/index.html]
[bathprorefinishing.com/wp-json/oembed/1.0/embede535.json]
[bathprorefinishing.com/can-bathtub-refinishing-give-bathroom-new-lease-life/feed/index.html]
[bathprorefinishing.com/wp-json/oembed/1.0/embedc28a]
[bathprorefinishing.com/wp-content/uploads/2015/08/file0002098770797.jpg]
[bathprorefinishing.com/wp-content/uploads/2015/08/file0002098770797-200x300.jpg]
[bathprorefinishing.com/can-bathtub-refinishing-give-bathroom-new-lease-life/index.html]
[bathprorefinishing.com/wp-json/oembed/1.0/embed5224.json]
[bathprorefinishing.com/does-bathtub-refinishing-provide-a-quality-lasting-surface/feed/index.html]
[bathprorefinishing.com/wp-json/oembed/1.0/embed27fb]
[bathprorefinishing.com/wp-content/uploads/2016/01/bathtub-890561_960_720.jpg]
[bathprorefinishing.com/wp-content/uploads/2016/01/bathtub-890561_960_720-225x300.jpg]
[bathprorefinishing.com/does-bathtub-refinishing-provide-a-quality-lasting-surface/index.html]
[bathprorefinishing.com/wp-json/oembed/1.0/embed4526.json]
[bathprorefinishing.com/know-bathtub-refinishing-right-choice-needs/feed/index.html]
[bathprorefinishing.com/wp-json/oembed/1.0/embed110c]
[bathprorefinishing.com/wp-content/uploads/2015/08/file00029073171.jpg]
[bathprorefinishing.com/know-bathtub-refinishing-right-choice-needs/index.html]
[bathprorefinishing.com/wp-json/oembed/1.0/embedfca8.json]
[bathprorefinishing.com/re-decorating-bathroom-can-easy-job/feed/index.html]
[bathprorefinishing.com/wp-json/oembed/1.0/embed3d54]
[bathprorefinishing.com/re-decorating-bathroom-can-easy-job/index.html]
[bathprorefinishing.com/files/includes/images/wp-content-uploads-2011-07-bathtub_resurfacing_services_florida_before_after1.jpg]
[bathprorefinishing.com/3-advantages-to-reglazing-your-bathtub/index.html]
[bathprorefinishing.com/Should-you-refinish-or-replace-your-old-Tub/feed/index.html]
[redbeacon.s3.amazonaws.com/homeguides/articles/thumbs/types_of_bathtubs.jpg.600x275_q85_crop.jpg]
[img.diynetwork.com/DIY/2003/09/18/wkh110_1cb_lg.jpg]
[bathprorefinishing.com/Should-you-refinish-or-replace-your-old-Tub.html]
[bathprorefinishing.com/files/includes/images/simgs-c1f18efc0a8231b9_8-1000-eclectic-.jpg]
[bathprorefinishing.com/how-to-achieve-boho-chic-perfection-in-your-bathroom/index.html]
[bathprorefinishing.com/7-rustic-bathroom-inspired-designs/index.html]
[bathprorefinishing.com/ways-to-update-the-bathroom-on-a-tight-budget/index.html]
[bathprorefinishing.com/files/includes/images/wp-content-uploads-2014-06-do-and-dont-bathroom-kitchen-remodel_fotor.jpg]
[bathprorefinishing.com/a-dos-and-dont-guide-for-your-bathroom-or-kitchen-remodel/index.html]
[bathprorefinishing.com/understanding-the-principles-of-design-before-your-kitchen-or-bathroom-remodel/index.html]
[bathprorefinishing.com/5-steps-to-take-before-starting-a-bathroom-remodel/index.html]
[bathprorefinishing.com/files/includes/images/simgs-fec13e5a01744794_8-2658-eclectic-patio.jpg]
[bathprorefinishing.com/files/includes/images/simgs-a3b1a25800fe11b9_8-2745-contemporary-bathroom.jpg]
[bathprorefinishing.com/files/includes/images/simgs-3521e4ee004f68be_8-1446-contemporary-bathtubs.jpg]
[bathprorefinishing.com/rub-a-dub-dub-the-backyard-has-a-tub/index.html]
[bathprorefinishing.com/5-incredibly-cool-outdoor-dream-kitchens/index.html]
[bathprorefinishing.com/files/includes/images/ykea1jgg79i-ut9td-qbg5i-aaaaaaaadak-smmlskbrpjc-s1600-plow-amp-hearth.jpg]
[bathprorefinishing.com/small-budget-kitchen-and-bathroom-upgrade-ideas/index.html]
[bathprorefinishing.com/files/includes/images/wp-content-uploads-2014-06-dragon-fly-stencil.jpg]
[bathprorefinishing.com/5-super-easy-home-decor-hacks/index.html]
[bathprorefinishing.com/files/includes/images/wp-content-uploads-2014-06-dragon-fly-stencil-300x199.jpg]
[bathprorefinishing.com/files/includes/images/resources-free-color-schemes-images-neutral-web-palettes.png]
[bathprorefinishing.com/how-to-refinish-an-old-bathroom-vanity/index.html]
[bathprorefinishing.com/decorating-your-bathroom-or-kitchen-in-a-rental-home/index.html]
[bathprorefinishing.com/files/includes/images/wp-content-uploads-2014-06-bold-flooring-tile-patterns.jpg]
[bathprorefinishing.com/4-brilliantly-bold-bathroom-tile-patterns/index.html]
[bathprorefinishing.com/multi-colored-tiles-in-your-bathroom-is-it-a-do-or-dont/index.html]
[bathprorefinishing.com/fix-the-bathroom-colored-tile-with-refinishing/index.html]
[bathprorefinishing.com/moroccan-styled-bathrooms-you-would-never-want-to-leave/index.html]
[bathprorefinishing.com/files/includes/images/wp-content-uploads-2014-06-ways-to-go-green-in-the-kitchen.png]
[bathprorefinishing.com/four-ways-to-go-green-in-your-kitchen/index.html]
[bathprorefinishing.com/removing-mold-from-grout-with-natural-ingredients/index.html]
[bathprorefinishing.com/files/includes/images/wp-content-uploads-2014-06-bathpro-6-16.png]
[bathprorefinishing.com/files/includes/images/wp-content-uploads-2014-06-bathpro-6-16-682x1024.png]
[bathprorefinishing.com/how-to-know-you-are-hiring-a-reputable-refinishing-company/index.html]
[bathprorefinishing.com/creative-diy-seating-and-storage-for-the-kitchen/index.html]
[bathprorefinishing.com/step-by-step-guide-for-re-caulking-the-bathtub/index.html]
[bathprorefinishing.com/files/includes/images/wp-content-uploads-2011-07-before-after.png]
[bathprorefinishing.com/bathtub-tile-refinishing-is-an-affordable-solution-for-property-owners/index.html]
[bathprorefinishing.com/blog/page/2/index.html]
[bathprorefinishing.com/blog/privacy-policy/index.html]
[bathprorefinishing.com/blog/page/3/index.html]
[bathprorefinishing.com/about-bathpro-kitchen-and-bathroom-resurfacers-florida/privacy-policy/privacy-policy/index.html]
[bathprorefinishing.com/blog/page/2/privacy-policy/index.html]
[bathprorefinishing.com/why-refinish-or-resurface-bathtubs-apopka-florida/privacy-policy/privacy-policy/index.html]
[bathprorefinishing.com/choosing-a-refinisher-for-bathroom-and-kitchen-refinishing-projects/privacy-policy/privacy-policy/index.html]
[bathprorefinishing.com/refinishing-process-orlando-florida/privacy-policy/privacy-policy/index.html]
[bathprorefinishing.com/job-photos-bathtub-resurfacing-apopka-florida/privacy-policy/privacy-policy/index.html]
[bathprorefinishing.com/bathtub-resurfacing-current-specials-florida/privacy-policy/privacy-policy/index.html]
[bathprorefinishing.com/contact-bathtub-resurfacing-company-tampa-florida/privacy-policy/privacy-policy/index.html]
[bathprorefinishing.com/files/includes/wp-content-themes-bathtub_resurfacing-css-ie6style.css]
[bathprorefinishing.com/files/includes/images/wp-content-themes-bathtub_resurfacing-images-postinfo-bg.png]
[bathprorefinishing.com/files/includes/wp-content-themes-bathtub_resurfacing-css-ie7style.css]
[bathprorefinishing.com/files/includes/wp-content-themes-bathtub_resurfacing-css-ie8style.css]
[bathprorefinishing.com/wp-content/plugins/contact-form-7/includes/css/styles11b8.css]
[bathprorefinishing.com/wp-content/themes/bathprorefinishingcom-bathtub-resurfacing-current-specials-florida/style04c2.css]
[bathprorefinishing.com/index3b28.html]
[bathprorefinishing.com/can-easily-replace-bathtub-faucet/privacy-policy/index.html]
[bathprorefinishing.com/files/includes/images/wp-content-uploads-2013-09-vanity-storage.jpg]
[bathprorefinishing.com/what-to-do-about-your-blah-bathroom/index.html]
[bathprorefinishing.com/files/includes/images/d-budgetdecorating-1-w-m-h-smallbath4.jpg]
[bathprorefinishing.com/files/includes/images/d-budgetdecorating-1-f-b-h-cbi.pinterest.jpg]
[bathprorefinishing.com/bathroom-update-ideas-for-low-budgets/index.html]
[bathprorefinishing.com/files/includes/images/wp-content-uploads-2014-02-kitchen-cabinets-fotolia.jpg]
[bathprorefinishing.com/refinishing-is-a-sensible-and-cost-effective-choice/index.html]
[bathprorefinishing.com/files/includes/images/wp-content-uploads-2014-04-bathpro-refinishing-before-after-job-gallery2.jpg]
[bathprorefinishing.com/why-bathtub-resurfacing-is-not-a-diy-job/index.html]
[bathprorefinishing.com/clean-the-bathroom-in-10-minutes-or-less-with-these-tips/index.html]
[bathprorefinishing.com/files/includes/images/wp-content-uploads-2014-06-bathpro-6-26-300x225.png]
[bathprorefinishing.com/cabinet-refinishing-a-low-cost-solution-for-homeowners/index.html]
[bathprorefinishing.com/author/admin/page/2/index.html]
[bathprorefinishing.com/author/admin/privacy-policy/index.html]
[bathprorefinishing.com/index1d4f.html]
[bathprorefinishing.com/can-quickly-easily-approach-process-replacing-bathtub/privacy-policy/index.html]
[bathprorefinishing.com/index4511.html]
[bathprorefinishing.com/consider-bathtub-refinishing-total-replacement/privacy-policy/index.html]
[bathprorefinishing.com/wp-content/uploads/2017/01/Fiberglass.jpg]
[bathprorefinishing.com/wp-content/uploads/2017/02/Bathtub-3-1.jpg]
[bathprorefinishing.com/indexd106.html]
[bathprorefinishing.com/approach-process-reglazing-bathtub/privacy-policy/index.html]
[bathprorefinishing.com/index3eeb.html]
[bathprorefinishing.com/steps-follow-removing-bathtub-bathroom/privacy-policy/index.html]
[bathprorefinishing.com/indexfb45.html]
[bathprorefinishing.com/5-insanely-easy-steps-remove-fiberglass-bathtub-start-finish/privacy-policy/index.html]
[bathprorefinishing.com/indexa5f9.html]
[bathprorefinishing.com/thinking-about-replacing-your-tub-consider-bathtub-refinishing-instead/privacy-policy/index.html]
[bathprorefinishing.com/index6bb7.html]
[pixabay.com/static/uploads/photo/2016/04/18/08/51/bathroom-1336167_960_720.html]
[bathprorefinishing.com/what-are-the-10-best-ways-to-make-a-bathroom-look-new-again/privacy-policy/index.html]
[bathprorefinishing.com/indexa028.html]
[bathprorefinishing.com/how-can-you-prevent-damage-to-your-newly-refinished-tub/privacy-policy/index.html]
[bathprorefinishing.com/index7886.html]
[bathprorefinishing.com/how-do-i-find-the-right-bathtub-refinisher-for-my-home/privacy-policy/index.html]
[bathprorefinishing.com/indexeab1.html]
[bathprorefinishing.com/how-can-grout-and-caulking-improve-a-bathrooms-look/privacy-policy/index.html]
[bathprorefinishing.com/index18c0.html]
[bathprorefinishing.com/can-bathtub-refinishing-breathe-new-life-into-your-bathroom-for-spring/privacy-policy/index.html]
[bathprorefinishing.com/index8b39.html]
[pixabay.com/static/uploads/photo/2014/10/16/08/41/bathroom-490781_960_720.html]
[bathprorefinishing.com/what-is-the-best-way-to-handle-tile-and-grout-cleaning/privacy-policy/index.html]
[bathprorefinishing.com/index24d6.html]
[pixabay.com/static/uploads/photo/2015/03/12/14/25/shower-670254_960_720.html]
[bathprorefinishing.com/is-tub-refinishing-the-best-choice-to-save-money/privacy-policy/index.html]
[bathprorefinishing.com/index46e8.html]
[bathprorefinishing.com/bathtub-refinishing-basics-how-do-i-get-my-grout-white-again/privacy-policy/index.html]
[bathprorefinishing.com/indexbb4b.html]
[bathprorefinishing.com/can-bathtub-refinishing-give-bathroom-new-lease-life/privacy-policy/index.html]
[bathprorefinishing.com/indexa62b.html]
[bathprorefinishing.com/does-bathtub-refinishing-provide-a-quality-lasting-surface/privacy-policy/index.html]
[bathprorefinishing.com/index21fb.html]
[bathprorefinishing.com/know-bathtub-refinishing-right-choice-needs/privacy-policy/index.html]
[bathprorefinishing.com/indexb766.html]
[bathprorefinishing.com/re-decorating-bathroom-can-easy-job/privacy-policy/index.html]
[bathprorefinishing.com/3-advantages-to-reglazing-your-bathtub/privacy-policy/index.html]
[bathprorefinishing.com/index95ac.html]
[bathprorefinishing.com/files/includes/images/wp-content-uploads-2013-11-rustic-bathroom.jpg]
[bathprorefinishing.com/files/includes/images/wp-content-uploads-2013-11-rustic-bathroom-39.jpg]
[bathprorefinishing.com/files/includes/images/wp-content-uploads-2013-11-rustic-bathroom-31.jpg]
[bathprorefinishing.com/files/includes/images/wp-content-uploads-2013-11-rustic-bathroom-37.jpg]
[bathprorefinishing.com/files/includes/images/wp-content-uploads-2013-11-rustic-bathroom-25.jpg]
[bathprorefinishing.com/files/includes/images/wp-content-uploads-2013-11-rustic-bathroom-23.jpg]
[bathprorefinishing.com/files/includes/images/wp-content-uploads-2013-11-rustic-bathroom-35.jpg]
[bathprorefinishing.com/7-rustic-bathroom-inspired-designs/index.html]
[bathprorefinishing.com/three-budget-friendly-fixes-for-ugly-bathrooms/index.html]
[bathprorefinishing.com/files/includes/images/wp-content-uploads-2013-11-november-special.jpg]
[bathprorefinishing.com/files/includes/images/736x-bc-a0-b4-bca0b43665502899d26541a4145f658e.jpg]
[bathprorefinishing.com/files/includes/images/wp-content-uploads-2013-03-repurpose-reuse-old-stuff-1-600x450.jpg]
[bathprorefinishing.com/ways-to-update-the-bathroom-on-a-tight-budget/index.html]
[bathprorefinishing.com/how-to-achieve-boho-chic-perfection-in-your-bathroom/privacy-policy/index.html]
[bathprorefinishing.com/files/includes/images/info-center-resized-image.ashx-__size-500x0-__key-communityserver-blogs-components-weblogfiles-00-00-00-00-20-6204.kitchenvert.jpg]
[bathprorefinishing.com/understanding-the-principles-of-design-before-your-kitchen-or-bathroom-remodel/index.html]
[bathprorefinishing.com/files/includes/images/wp-content-uploads-2012-02-pre-planning-cape-coral-remodeling.jpg]
[bathprorefinishing.com/5-steps-to-take-before-starting-a-bathroom-remodel/index.html]
[bathprorefinishing.com/a-dos-and-dont-guide-for-your-bathroom-or-kitchen-remodel/privacy-policy/index.html]
[bathprorefinishing.com/5-health-benefits-of-soaking-in-the-tub/index.html]
[bathprorefinishing.com/when-is-the-best-time-to-think-about-tub-refinishing/index.html]
[bathprorefinishing.com/do-you-have-an-old-worn-out-tub-dont-pitch-it-fix-it/index.html]
[bathprorefinishing.com/files/includes/images/photos-cool-outdoor-kitchen-designs-25.jpg]
[bathprorefinishing.com/files/includes/images/photos-cool-outdoor-kitchen-designs-14.jpg]
[bathprorefinishing.com/files/includes/images/photos-cool-outdoor-kitchen-designs-37.jpg]
[bathprorefinishing.com/files/includes/images/photos-cool-outdoor-kitchen-designs-51.jpg]
[bathprorefinishing.com/files/includes/images/photos-cool-outdoor-kitchen-designs-31.jpg]
[bathprorefinishing.com/5-incredibly-cool-outdoor-dream-kitchens/index.html]
[bathprorefinishing.com/rub-a-dub-dub-the-backyard-has-a-tub/privacy-policy/index.html]
[bathprorefinishing.com/files/includes/images/wp-content-uploads-2013-01-finance.jpg]
[bathprorefinishing.com/small-budget-kitchen-and-bathroom-upgrade-ideas/index.html]
[bathprorefinishing.com/5-super-easy-home-decor-hacks/index.html]
[bathprorefinishing.com/files/includes/images/creative-ideas-images-2013_05-july13-tablet-paint-a-bath-vanity-101873896-hero.jpg]
[bathprorefinishing.com/how-to-refinish-an-old-bathroom-vanity/index.html]
[bathprorefinishing.com/decorating-your-bathroom-or-kitchen-in-a-rental-home/privacy-policy/index.html]
[bathprorefinishing.com/files/includes/images/photos-multi-colored-tiled-bathroom-designs-12-554x717.png]
[bathprorefinishing.com/files/includes/images/photos-multi-colored-tiled-bathroom-designs-6-554x415.jpg]
[bathprorefinishing.com/files/includes/images/photos-multi-colored-tiled-bathroom-designs-20-554x396.jpg]
[bathprorefinishing.com/files/includes/images/photos-multi-colored-tiled-bathroom-designs-27.jpg]
[bathprorefinishing.com/multi-colored-tiles-in-your-bathroom-is-it-a-do-or-dont/index.html]
[bathprorefinishing.com/fix-the-bathroom-colored-tile-with-refinishing/index.html]
[bathprorefinishing.com/files/includes/images/photos-inspiring-moroccan-bathrooms-17.jpg]
[bathprorefinishing.com/files/includes/images/photos-inspiring-moroccan-bathrooms-15.jpg]
[bathprorefinishing.com/an-infographic-on-how-the-bathroom-evolved/index.html]
[bathprorefinishing.com/files/includes/images/photos-inspiring-moroccan-bathrooms-18.jpg]
[bathprorefinishing.com/files/includes/images/photos-inspiring-moroccan-bathrooms-22.jpg]
[bathprorefinishing.com/files/includes/images/photos-inspiring-moroccan-bathrooms-23.jpg]
[bathprorefinishing.com/files/includes/images/photos-inspiring-moroccan-bathrooms-34.jpg]
[bathprorefinishing.com/moroccan-styled-bathrooms-you-would-never-want-to-leave/index.html]
[bathprorefinishing.com/4-brilliantly-bold-bathroom-tile-patterns/privacy-policy/index.html]
[bathprorefinishing.com/why-bathtub-refinishing-is-a-no-brainer/index.html]
[bathprorefinishing.com/files/includes/images/pictures-greenliving-1-110.large.jpg]
[bathprorefinishing.com/removing-mold-from-grout-with-natural-ingredients/index.html]
[bathprorefinishing.com/eliminating-bathtub-waste-refinishing-an-eco-friendly-choice/index.html]
[bathprorefinishing.com/four-ways-to-go-green-in-your-kitchen/privacy-policy/index.html]
[bathprorefinishing.com/what-is-the-difference-between-refinishing-reglazing-and-resurfacing/index.html]
[bathprorefinishing.com/tricks-that-turn-a-typical-bathroom-into-a-spa-retreat/index.html]
[bathprorefinishing.com/how-to-know-you-are-hiring-a-reputable-refinishing-company/privacy-policy/index.html]
[bathprorefinishing.com/5-surprising-ways-to-create-more-storage-in-the-kitchen/index.html]
[bathprorefinishing.com/files/includes/images/wp-content-uploads-2014-06-bathpro-6-16.png]
[bathprorefinishing.com/files/includes/images/content-images-sized-how-remove-caulk-tool_c487d307416f497ee256325e394ab5a3_3x2_jpg_300x200_q85.jpg]
[bathprorefinishing.com/files/includes/images/diy-2009-05-27-diyw210_bathtub-new-caulk-finished_02_s4x3_lg.jpg]
[bathprorefinishing.com/step-by-step-guide-for-re-caulking-the-bathtub/index.html]
[bathprorefinishing.com/creative-diy-seating-and-storage-for-the-kitchen/privacy-policy/index.html]
[bathprorefinishing.com/bathpro-of-central-florida-providing-refinishing-services-for-over-20-years/index.html]
[bathprorefinishing.com/3-affordable-solutions-to-revive-outdated-kitchen-cabinets/index.html]
[bathprorefinishing.com/bathtub-tile-refinishing-is-an-affordable-solution-for-property-owners/privacy-policy/index.html]
[bathprorefinishing.com/tips-to-transform-a-dull-bathroom-into-a-pretty-bathroom/index.html]
[bathprorefinishing.com/avoid-these-small-bathroom-redesign-mistakes/index.html]
[bathprorefinishing.com/blog/page/3/index.html]
[bathprorefinishing.com/blog/page/2/privacy-policy/index.html]
[bathprorefinishing.com/what-to-do-about-your-blah-bathroom/privacy-policy/index.html]
[bathprorefinishing.com/four-ideas-you-can-actually-do-in-your-bathroom/index.html]
[bathprorefinishing.com/bathroom-update-ideas-for-low-budgets/privacy-policy/index.html]
[bathprorefinishing.com/3-upcycling-ideas-that-add-unique-bathroom-storage/index.html]
[bathprorefinishing.com/why-having-a-functional-kitchen-matters/index.html]
[bathprorefinishing.com/refinishing-is-a-sensible-and-cost-effective-choice/privacy-policy/index.html]
[bathprorefinishing.com/why-bathtub-resurfacing-is-not-a-diy-job/privacy-policy/index.html]
[bathprorefinishing.com/choosing-the-right-professional-refinishing-company/index.html]
[bathprorefinishing.com/3-things-you-should-know-about-cabinet-refinishing/index.html]
[bathprorefinishing.com/cabinet-refinishing-a-low-cost-solution-for-homeowners/privacy-policy/index.html]
[bathprorefinishing.com/why-fixing-the-tub-tile-with-refinishing-is-a-cost-saving-option-for-homeowners/index.html]
[bathprorefinishing.com/8-practical-ideas-for-a-small-bathroom-remodel/index.html]
[bathprorefinishing.com/save-money-time-on-your-kitchen-remodel-by-resurfacing-kitchen-countertops-cabinets-and-tile/index.html]
[bathprorefinishing.com/homeowners-guide-to-bathtub-resurfacing/index.html]
[bathprorefinishing.com/the-benefits-of-tub-tile-refinishing-services/index.html]
[bathprorefinishing.com/small-inexpensive-ideas-that-add-personality-to-your-home/index.html]
[bathprorefinishing.com/why-homeowners-are-choosing-bathtub-tile-refinishing-over-remodeling/index.html]
[bathprorefinishing.com/5-ways-to-transform-your-small-kitchen-into-an-inviting-space/index.html]
[bathprorefinishing.com/8-reasons-tub-refinishing-services-is-the-answer-to-your-ugly-bathroom/index.html]
[bathprorefinishing.com/6-beautiful-ways-to-incorporate-natural-stone-or-river-rocks-into-your-bathroom/index.html]
[bathprorefinishing.com/author/admin/privacy-policy/page/2/index.html]
[bathprorefinishing.com/author/admin/privacy-policy/privacy-policy/index.html]
[bathprorefinishing.com/wp-content/themes/bathprorefinishingcom-bathtub-resurfacing-current-specials-florida/js/navigation5152.js]
[bathprorefinishing.com/files/includes/images/wp-content-uploads-2013-11-rustic-bathroom-25.jpg]
[bathprorefinishing.com/bathtub-refinishing-diy-versus-professionals/index.html]
[bathprorefinishing.com/stop-dealing-with-a-dirty-tub-and-refinish-it/index.html]
[bathprorefinishing.com/7-rustic-bathroom-inspired-designs/privacy-policy/index.html]
[bathprorefinishing.com/re-create-these-5-bathroom-color-schemes/index.html]
[bathprorefinishing.com/7-tips-to-maximizing-the-function-and-beauty-of-a-small-bathroom/index.html]
[bathprorefinishing.com/ways-to-update-the-bathroom-on-a-tight-budget/privacy-policy/index.html]
[bathprorefinishing.com/refinishing-these-four-household-items-saves-time-and-money-on-remodels/index.html]
[bathprorefinishing.com/understanding-the-principles-of-design-before-your-kitchen-or-bathroom-remodel/privacy-policy/index.html]
[bathprorefinishing.com/4-reasons-to-resurface-the-bathtub-and-tile-over-replacement/index.html]
[bathprorefinishing.com/instructions-for-installing-a-bathtub-faucet/index.html]
[bathprorefinishing.com/travel-to-paris-every-time-you-enter-your-bathroom/index.html]
[bathprorefinishing.com/do-you-have-an-old-worn-out-tub-dont-pitch-it-fix-it/index.html]
[bathprorefinishing.com/5-steps-to-take-before-starting-a-bathroom-remodel/privacy-policy/index.html]
[bathprorefinishing.com/4-elegant-bathroom-designs-using-neutral-colors/index.html]
[bathprorefinishing.com/4-kitchen-trends-that-are-okay-to-steal-and-copy/index.html]
[bathprorefinishing.com/get-inspired-by-these-distinctive-bathrooms-kitchens-from-around-the-globe/index.html]
[bathprorefinishing.com/5-incredibly-cool-outdoor-dream-kitchens/privacy-policy/index.html]
[bathprorefinishing.com/what-are-the-differences-between-re-facing-and-refinishing-cabinets/index.html]
[bathprorefinishing.com/a-step-by-step-guide-to-installing-a-backsplash/index.html]
[bathprorefinishing.com/small-budget-kitchen-and-bathroom-upgrade-ideas/privacy-policy/index.html]
[bathprorefinishing.com/web/index.html]
[bathprorefinishing.com/overcoming-the-fear-of-color/index.html]
[bathprorefinishing.com/how-to-refinish-an-old-bathroom-vanity/privacy-policy/index.html]
[bathprorefinishing.com/3-questions-you-need-to-ask-before-hiring-a-refinishing-company/index.html]
[bathprorefinishing.com/best-practices-for-eliminating-water-waste-in-the-bathroom/index.html]
[bathprorefinishing.com/8-ideas-for-decorating-a-kids-bathroom/index.html]
[bathprorefinishing.com/multi-colored-tiles-in-your-bathroom-is-it-a-do-or-dont/privacy-policy/index.html]
[ajax.googleapis.com/ajax/libs/prototype/1.7.1.0/prototype4735.js]
[ajax.googleapis.com/ajax/libs/scriptaculous/1.9.0/scriptaculous8162.js]
[ajax.googleapis.com/ajax/libs/scriptaculous/1.9.0/effects8162.js]
[bathprorefinishing.com/files/includes/wp-content-plugins-lightbox-2-lightbox.js-ver-1.8.js]
[bathprorefinishing.com/files/includes/images/736x-48-41-97-484197953c9e093c735d0a8f38c800a7.jpg]
[bathprorefinishing.com/an-infographic-on-how-the-bathroom-evolved/index.html]
[bathprorefinishing.com/budget-bathroom-makeover-for-less-than-1500/index.html]
[bathprorefinishing.com/moroccan-styled-bathrooms-you-would-never-want-to-leave/privacy-policy/index.html]
[bathprorefinishing.com/bathtub-refinishing-reglazing-its-a-careful-job/index.html]
[bathprorefinishing.com/5-creative-bathroom-storage-ideas/index.html]
[bathprorefinishing.com/the-main-differences-bathtub-refinishing-vs-bathtub-liners/index.html]
[bathprorefinishing.com/removing-mold-from-grout-with-natural-ingredients/privacy-policy/index.html]
[bathprorefinishing.com/step-by-step-guide-for-re-caulking-the-bathtub/privacy-policy/index.html]
[bathprorefinishing.com/blog/page/4/index.html]
[bathprorefinishing.com/blog/page/3/privacy-policy/index.html]
[bathprorefinishing.com/blog/page/2/privacy-policy/page/2/index.html]
[bathprorefinishing.com/blog/page/2/privacy-policy/privacy-policy/index.html]
[cdn.lifemartini.com/wp-content/uploads/2013/09/Color-Scheme.jpg]
[bathprorefinishing.com/kitchen-bargains-low-cost-ideas-with-high-end-style/index.html]
[bathprorefinishing.com/do-you-have-an-old-worn-out-tub-dont-pitch-it-fix-it/privacy-policy/index.html]
[bathprorefinishing.com/makeover-ideas-for-the-kitchen/index.html]
[bathprorefinishing.com/5-star-hotel-bathrooms-from-around-the-world/index.html]
[bathprorefinishing.com/an-infographic-on-how-the-bathroom-evolved/privacy-policy/index.html]
